\BOOKMARK [1][-]{section.1}{\376\377\000O\000v\000e\000r\000v\000i\000e\000w}{}% 1
\BOOKMARK [1][-]{section.2}{\376\377\000I\000n\000s\000t\000a\000l\000l\000a\000t\000i\000o\000n}{}% 2
\BOOKMARK [2][-]{subsection.2.1}{\376\377\000I\000n\000s\000t\000a\000l\000l\000a\000t\000i\000o\000n\000\040\000t\000o\000\040\000u\000s\000e\000\040\000O\000p\000e\000n\000M\000P}{section.2}% 3
\BOOKMARK [2][-]{subsection.2.2}{\376\377\000I\000n\000s\000t\000a\000l\000l\000a\000t\000i\000o\000n\000\040\000a\000s\000\040\000a\000\040\000l\000i\000b\000r\000a\000r\000y}{section.2}% 4
\BOOKMARK [1][-]{section.3}{\376\377\000I\000n\000p\000u\000t\000\040\000p\000a\000r\000a\000m\000e\000t\000e\000r\000s}{}% 5
\BOOKMARK [2][-]{subsection.3.1}{\376\377\000P\000a\000r\000t\000o\000n\000\040\000d\000i\000s\000t\000r\000i\000b\000u\000t\000i\000o\000n\000s}{section.3}% 6
\BOOKMARK [1][-]{section.4}{\376\377\000R\000u\000n\000t\000i\000m\000e\000\040\000o\000p\000t\000i\000o\000n\000s}{}% 7
\BOOKMARK [1][-]{section.5}{\376\377\000N\000u\000c\000l\000e\000a\000r\000\040\000c\000o\000l\000l\000i\000s\000i\000o\000n\000s}{}% 8
\BOOKMARK [1][-]{section.6}{\376\377\000O\000u\000t\000p\000u\000t}{}% 9
\BOOKMARK [2][-]{subsection.6.1}{\376\377\000H\000i\000s\000t\000o\000g\000r\000a\000m\000s}{section.6}% 10
\BOOKMARK [2][-]{subsection.6.2}{\376\377\000O\000t\000h\000e\000r\000\040\000o\000u\000t\000p\000u\000t\000\040\000m\000o\000d\000e\000s}{section.6}% 11
\BOOKMARK [3][-]{subsubsection.6.2.1}{\376\377\000S\000i\000m\000p\000l\000e\000\040\000n\000-\000t\000u\000p\000l\000e\000\040\000o\000u\000t\000p\000u\000t}{subsection.6.2}% 12
\BOOKMARK [3][-]{subsubsection.6.2.2}{\376\377\000n\000-\000t\000u\000p\000l\000e\000s\000\040\000u\000s\000i\000n\000g\000\040\000F\000R\000O\000O\000T}{subsection.6.2}% 13
\BOOKMARK [3][-]{subsubsection.6.2.3}{\376\377\000U\000n\000w\000e\000i\000g\000h\000t\000e\000d\000\040\000e\000v\000e\000n\000t\000s}{subsection.6.2}% 14
\BOOKMARK [1][-]{section.7}{\376\377\000O\000t\000h\000e\000r\000\040\000u\000s\000e\000r\000\040\000o\000p\000t\000i\000o\000n\000s}{}% 15
\BOOKMARK [1][-]{section.8}{\376\377\000N\000o\000t\000e\000s\000\040\000o\000n\000\040\000s\000p\000e\000c\000i\000f\000i\000c\000\040\000p\000r\000o\000c\000e\000s\000s\000e\000s}{}% 16
\BOOKMARK [2][-]{subsection.8.1}{\376\377\000W\000-\000b\000o\000s\000o\000n\000\040\000p\000r\000o\000d\000u\000c\000t\000i\000o\000n\000,\000\040\000p\000r\000o\000c\000e\000s\000s\000e\000s\000\040\0001\000,\0006}{section.8}% 17
\BOOKMARK [2][-]{subsection.8.2}{\376\377\000W\000+\000\040\000j\000e\000t\000\040\000p\000r\000o\000d\000u\000c\000t\000i\000o\000n\000,\000\040\000p\000r\000o\000c\000e\000s\000s\000e\000s\000\040\0001\0001\000,\0001\0006}{section.8}% 18
\BOOKMARK [2][-]{subsection.8.3}{\376\377\000W\000+\000b\000\040\000p\000r\000o\000d\000u\000c\000t\000i\000o\000n\000,\000\040\000p\000r\000o\000c\000e\000s\000s\000e\000s\000\040\0001\0002\000,\0001\0007}{section.8}% 19
\BOOKMARK [2][-]{subsection.8.4}{\376\377\000W\000+\000c\000\040\000p\000r\000o\000d\000u\000c\000t\000i\000o\000n\000,\000\040\000p\000r\000o\000c\000e\000s\000s\000e\000s\000\040\0001\0003\000,\0001\0008}{section.8}% 20
\BOOKMARK [2][-]{subsection.8.5}{\376\377\000W\000+\000c\000\040\000p\000r\000o\000d\000u\000c\000t\000i\000o\000n\000\040\000\050\000m\000c\000=\0000\000\051\000,\000\040\000p\000r\000o\000c\000e\000s\000s\000e\000s\000\040\0001\0004\000,\0001\0009}{section.8}% 21
\BOOKMARK [2][-]{subsection.8.6}{\376\377\000W\000+\000b\000"\0007\0000\0001\0006\000b\000\040\000p\000r\000o\000d\000u\000c\000t\000i\000o\000n\000,\000\040\000p\000r\000o\000c\000e\000s\000s\000e\000s\000\040\0002\0000\000,\0002\0005}{section.8}% 22
\BOOKMARK [2][-]{subsection.8.7}{\376\377\000W\000+\000b\000"\0007\0000\0001\0006\000b\000\040\000p\000r\000o\000d\000u\000c\000t\000i\000o\000n\000\040\000\050\000m\000b\000=\0000\000\051\000,\000\040\000p\000r\000o\000c\000e\000s\000s\000e\000s\000\040\0002\0001\000,\0002\0006}{section.8}% 23
\BOOKMARK [2][-]{subsection.8.8}{\376\377\000W\000+\0002\000\040\000j\000e\000t\000s\000\040\000p\000r\000o\000d\000u\000c\000t\000i\000o\000n\000,\000\040\000p\000r\000o\000c\000e\000s\000s\000e\000s\000\040\0002\0002\000,\0002\0007}{section.8}% 24
\BOOKMARK [2][-]{subsection.8.9}{\376\377\000W\000+\0003\000\040\000j\000e\000t\000s\000\040\000p\000r\000o\000d\000u\000c\000t\000i\000o\000n\000,\000\040\000p\000r\000o\000c\000e\000s\000s\000e\000s\000\040\0002\0003\000,\0002\0008}{section.8}% 25
\BOOKMARK [2][-]{subsection.8.10}{\376\377\000W\000+\000b\000"\0007\0000\0001\0006\000b\000+\000\040\000j\000e\000t\000\040\000p\000r\000o\000d\000u\000c\000t\000i\000o\000n\000\040\000\050\000m\000b\000=\0000\000\051\000,\000\040\000p\000r\000o\000c\000e\000s\000s\000e\000s\000\040\0002\0004\000,\0002\0009}{section.8}% 26
\BOOKMARK [2][-]{subsection.8.11}{\376\377\000Z\000-\000b\000o\000s\000o\000n\000\040\000p\000r\000o\000d\000u\000c\000t\000i\000o\000n\000,\000\040\000p\000r\000o\000c\000e\000s\000s\000e\000s\000\040\0003\0001\040\023\0003\0003}{section.8}% 27
\BOOKMARK [2][-]{subsection.8.12}{\376\377\000Z\000-\000b\000o\000s\000o\000n\000\040\000p\000r\000o\000d\000u\000c\000t\000i\000o\000n\000\040\000d\000e\000c\000a\000y\000i\000n\000g\000\040\000t\000o\000\040\000j\000e\000t\000s\000,\000\040\000p\000r\000o\000c\000e\000s\000s\000e\000s\000\040\0003\0004\040\023\0003\0005}{section.8}% 28
\BOOKMARK [2][-]{subsection.8.13}{\376\377\000t\000\040\000"\0007\0000\0001\0006\000t\000\040\000p\000r\000o\000d\000u\000c\000t\000i\000o\000n\000\040\000m\000e\000d\000i\000a\000t\000e\000d\000\040\000b\000y\000\040\000Z\000/\000*\000-\000b\000o\000s\000o\000n\000\040\000e\000x\000c\000h\000a\000n\000g\000e\000,\000\040\000p\000r\000o\000c\000e\000s\000s\000\040\0003\0006}{section.8}% 29
\BOOKMARK [2][-]{subsection.8.14}{\376\377\000Z\000+\000\040\000j\000e\000t\000\040\000p\000r\000o\000d\000u\000c\000t\000i\000o\000n\000,\000\040\000p\000r\000o\000c\000e\000s\000s\000e\000s\000\040\0004\0001\040\023\0004\0003}{section.8}% 30
\BOOKMARK [2][-]{subsection.8.15}{\376\377\000Z\000+\0002\000\040\000j\000e\000t\000s\000\040\000p\000r\000o\000d\000u\000c\000t\000i\000o\000n\000,\000\040\000p\000r\000o\000c\000e\000s\000s\000e\000s\000\040\0004\0004\000,\000\040\0004\0006}{section.8}% 31
\BOOKMARK [2][-]{subsection.8.16}{\376\377\000Z\000+\0003\000\040\000j\000e\000t\000s\000\040\000p\000r\000o\000d\000u\000c\000t\000i\000o\000n\000,\000\040\000p\000r\000o\000c\000e\000s\000s\000e\000s\000\040\0004\0005\000,\000\040\0004\0007}{section.8}% 32
\BOOKMARK [2][-]{subsection.8.17}{\376\377\000Z\000+\000b\000"\0007\0000\0001\0006\000b\000\040\000p\000r\000o\000d\000u\000c\000t\000i\000o\000n\000,\000\040\000p\000r\000o\000c\000e\000s\000s\000\040\0005\0000}{section.8}% 33
\BOOKMARK [2][-]{subsection.8.18}{\376\377\000Z\000+\000b\000"\0007\0000\0001\0006\000b\000\040\000p\000r\000o\000d\000u\000c\000t\000i\000o\000n\000\040\000\050\000m\000b\000=\0000\000\051\000,\000\040\000p\000r\000o\000c\000e\000s\000s\000e\000s\000\040\0005\0001\040\023\0005\0003}{section.8}% 34
\BOOKMARK [2][-]{subsection.8.19}{\376\377\000Z\000+\000b\000"\0007\0000\0001\0006\000b\000+\000\040\000j\000e\000t\000\040\000p\000r\000o\000d\000u\000c\000t\000i\000o\000n\000\040\000\050\000m\000b\000=\0000\000\051\000,\000\040\000p\000r\000o\000c\000e\000s\000s\000\040\0005\0004}{section.8}% 35
\BOOKMARK [2][-]{subsection.8.20}{\376\377\000Z\000+\000c\000"\0007\0000\0001\0006\000c\000\040\000p\000r\000o\000d\000u\000c\000t\000i\000o\000n\000\040\000\050\000m\000c\000=\0000\000\051\000,\000\040\000p\000r\000o\000c\000e\000s\000s\000\040\0005\0006}{section.8}% 36
\BOOKMARK [2][-]{subsection.8.21}{\376\377\000D\000i\000-\000b\000o\000s\000o\000n\000\040\000p\000r\000o\000d\000u\000c\000t\000i\000o\000n\000,\000\040\000p\000r\000o\000c\000e\000s\000s\000e\000s\000\040\0006\0001\040\023\0008\0009}{section.8}% 37
\BOOKMARK [3][-]{subsubsection.8.21.1}{\376\377\000W\000W\000\040\000p\000r\000o\000d\000u\000c\000t\000i\000o\000n\000,\000\040\000p\000r\000o\000c\000e\000s\000s\000e\000s\000\040\0006\0001\000-\0006\0004\000,\000\040\0006\0009}{subsection.8.21}% 38
\BOOKMARK [3][-]{subsubsection.8.21.2}{\376\377\000W\000W\000+\000j\000e\000t\000\040\000p\000r\000o\000d\000u\000c\000t\000i\000o\000n\000,\000\040\000p\000r\000o\000c\000e\000s\000s\000\040\0006\0006}{subsection.8.21}% 39
\BOOKMARK [3][-]{subsubsection.8.21.3}{\376\377\000W\000Z\000\040\000p\000r\000o\000d\000u\000c\000t\000i\000o\000n\000,\000\040\000p\000r\000o\000c\000e\000s\000s\000e\000s\000\040\0007\0001\040\023\0008\0000}{subsection.8.21}% 40
\BOOKMARK [3][-]{subsubsection.8.21.4}{\376\377\000Z\000Z\000\040\000p\000r\000o\000d\000u\000c\000t\000i\000o\000n\000,\000\040\000p\000r\000o\000c\000e\000s\000s\000e\000s\000\040\0008\0001\040\023\0008\0004\000,\000\040\0008\0006\040\023\0009\0000}{subsection.8.21}% 41
\BOOKMARK [3][-]{subsubsection.8.21.5}{\376\377\000Z\000Z\000+\000j\000e\000t\000\040\000p\000r\000o\000d\000u\000c\000t\000i\000o\000n\000,\000\040\000p\000r\000o\000c\000e\000s\000s\000\040\0008\0005}{subsection.8.21}% 42
\BOOKMARK [3][-]{subsubsection.8.21.6}{\376\377\000A\000n\000o\000m\000a\000l\000o\000u\000s\000\040\000c\000o\000u\000p\000l\000i\000n\000g\000s}{subsection.8.21}% 43
\BOOKMARK [2][-]{subsection.8.22}{\376\377\000W\000H\000\040\000p\000r\000o\000d\000u\000c\000t\000i\000o\000n\000,\000\040\000p\000r\000o\000c\000e\000s\000s\000e\000s\000\040\0009\0001\000-\0009\0004\000,\000\040\0009\0006\000-\0009\0009}{section.8}% 44
\BOOKMARK [2][-]{subsection.8.23}{\376\377\000Z\000H\000\040\000p\000r\000o\000d\000u\000c\000t\000i\000o\000n\000,\000\040\000p\000r\000o\000c\000e\000s\000s\000e\000s\000\040\0001\0000\0001\040\023\0001\0000\0009}{section.8}% 45
\BOOKMARK [2][-]{subsection.8.24}{\376\377\000H\000i\000g\000g\000s\000\040\000p\000r\000o\000d\000u\000c\000t\000i\000o\000n\000,\000\040\000p\000r\000o\000c\000e\000s\000s\000e\000s\000\040\0001\0001\0001\040\023\0001\0002\0001}{section.8}% 46
\BOOKMARK [2][-]{subsection.8.25}{\376\377\000H\000\040\000W\000+\000W\000-\000\040\000p\000r\000o\000d\000u\000c\000t\000i\000o\000n\000,\000\040\000p\000r\000o\000c\000e\000s\000s\000e\000s\000\040\0001\0002\0003\000-\0001\0002\0006}{section.8}% 47
\BOOKMARK [2][-]{subsection.8.26}{\376\377\000H\000\040\000Z\000Z\000\040\000e\000-\000\040\000e\000+\000\040\000-\000\040\000+\000\040\000p\000r\000o\000d\000u\000c\000t\000i\000o\000n\000,\000\040\000p\000r\000o\000c\000e\000s\000s\000e\000s\000\040\0001\0002\0008\000-\0001\0003\0003}{section.8}% 48
\BOOKMARK [2][-]{subsection.8.27}{\376\377\000H\000+\000b\000\040\000p\000r\000o\000d\000u\000c\000t\000i\000o\000n\000,\000\040\000p\000r\000o\000c\000e\000s\000s\000e\000s\000\040\0001\0003\0006\040\023\0001\0003\0008}{section.8}% 49
\BOOKMARK [2][-]{subsection.8.28}{\376\377\000t\000"\0007\0000\0001\0006\000t\000\040\000p\000r\000o\000d\000u\000c\000t\000i\000o\000n\000\040\000w\000i\000t\000h\000\040\0002\000\040\000s\000e\000m\000i\000-\000l\000e\000p\000t\000o\000n\000i\000c\000\040\000d\000e\000c\000a\000y\000s\000,\000\040\000p\000r\000o\000c\000e\000s\000s\000e\000s\000\040\0001\0004\0001\040\023\0001\0004\0005}{section.8}% 50
\BOOKMARK [2][-]{subsection.8.29}{\376\377\000t\000"\0007\0000\0001\0006\000t\000\040\000p\000r\000o\000d\000u\000c\000t\000i\000o\000n\000\040\000w\000i\000t\000h\000\040\000d\000e\000c\000a\000y\000\040\000a\000n\000d\000\040\000a\000\040\000g\000l\000u\000o\000n\000,\000\040\000p\000r\000o\000c\000e\000s\000s\000\040\0001\0004\0003}{section.8}% 51
\BOOKMARK [2][-]{subsection.8.30}{\376\377\000t\000"\0007\0000\0001\0006\000t\000\040\000p\000r\000o\000d\000u\000c\000t\000i\000o\000n\000\040\000w\000i\000t\000h\000\040\000o\000n\000e\000\040\000h\000a\000d\000r\000o\000n\000i\000c\000\040\000d\000e\000c\000a\000y\000,\000\040\000p\000r\000o\000c\000e\000s\000s\000e\000s\000\040\0001\0004\0006\040\023\0001\0005\0001}{section.8}% 52
\BOOKMARK [2][-]{subsection.8.31}{\376\377\000Q\000Q\000\040\000p\000r\000o\000d\000u\000c\000t\000i\000o\000n\000,\000\040\000p\000r\000o\000c\000e\000s\000s\000e\000s\000\040\0001\0005\0007\040\023\0001\0005\0009}{section.8}% 53
\BOOKMARK [2][-]{subsection.8.32}{\376\377\000t\000"\0007\0000\0001\0006\000t\000+\000\040\000j\000e\000t\000\040\000p\000r\000o\000d\000u\000c\000t\000i\000o\000n\000,\000\040\000p\000r\000o\000c\000e\000s\000s\000\040\0001\0006\0000}{section.8}% 54
\BOOKMARK [2][-]{subsection.8.33}{\376\377\000S\000i\000n\000g\000l\000e\000\040\000t\000o\000p\000\040\000p\000r\000o\000d\000u\000c\000t\000i\000o\000n\000,\000\040\000p\000r\000o\000c\000e\000s\000s\000e\000s\000\040\0001\0006\0001\040\023\0001\0007\0007}{section.8}% 55
\BOOKMARK [2][-]{subsection.8.34}{\376\377\000W\000t\000\040\000p\000r\000o\000d\000u\000c\000t\000i\000o\000n\000,\000\040\000p\000r\000o\000c\000e\000s\000s\000e\000s\000\040\0001\0008\0000\040\023\0001\0008\0007}{section.8}% 56
\BOOKMARK [2][-]{subsection.8.35}{\376\377\000H\000+\000\040\000j\000e\000t\000\040\000p\000r\000o\000d\000u\000c\000t\000i\000o\000n\000,\000\040\000p\000r\000o\000c\000e\000s\000s\000e\000s\000\040\0002\0000\0001\040\023\0002\0001\0000}{section.8}% 57
\BOOKMARK [2][-]{subsection.8.36}{\376\377\000H\000i\000g\000g\000s\000\040\000p\000r\000o\000d\000u\000c\000t\000i\000o\000n\000\040\000v\000i\000a\000\040\000W\000B\000F\000,\000\040\000p\000r\000o\000c\000e\000s\000s\000e\000s\000\040\0002\0001\0001\040\023\0002\0001\0007}{section.8}% 58
\BOOKMARK [2][-]{subsection.8.37}{\376\377\000+\000-\000\040\000p\000r\000o\000d\000u\000c\000t\000i\000o\000n\000,\000\040\000p\000r\000o\000c\000e\000s\000s\000\040\0002\0002\0001}{section.8}% 59
\BOOKMARK [2][-]{subsection.8.38}{\376\377\000e\000-\000e\000+\000\040\000\040\000"\0007\0000\0001\0006\000\040\000-\000p\000a\000i\000r\000\040\000p\000r\000o\000d\000u\000c\000t\000i\000o\000n\000\040\000v\000i\000a\000\040\000W\000B\000F\000,\000\040\000p\000r\000o\000c\000e\000s\000s\000e\000s\000\040\0002\0002\0002}{section.8}% 60
\BOOKMARK [2][-]{subsection.8.39}{\376\377\000e\000\040\000e\000+\000\040\000-\000\040\000+\000-\000p\000a\000i\000r\000\040\000p\000r\000o\000d\000u\000c\000t\000i\000o\000n\000\040\000v\000i\000a\000\040\000W\000B\000F\000,\000\040\000p\000r\000o\000c\000e\000s\000s\000e\000s\000\040\0002\0002\0003\000,\0002\0002\0003\0001}{section.8}% 61
\BOOKMARK [2][-]{subsection.8.40}{\376\377\000e\000-\000\040\000"\0007\0000\0001\0006\000e\000\040\000\040\000+\000-\000p\000a\000i\000r\000\040\000p\000r\000o\000d\000u\000c\000t\000i\000o\000n\000\040\000v\000i\000a\000\040\000W\000B\000F\000,\000\040\000p\000r\000o\000c\000e\000s\000s\000e\000s\000\040\0002\0002\0004\000,\0002\0002\0004\0001}{section.8}% 62
\BOOKMARK [2][-]{subsection.8.41}{\376\377\000e\000-\000\040\000"\0007\0000\0001\0006\000e\000\040\000-\000\040\000+\000-\000p\000a\000i\000r\000\040\000p\000r\000o\000d\000u\000c\000t\000i\000o\000n\000\040\000v\000i\000a\000\040\000W\000B\000F\000,\000\040\000p\000r\000o\000c\000e\000s\000s\000e\000s\000\040\0002\0002\0005\000,\0002\0002\0005\0001}{section.8}% 63
\BOOKMARK [2][-]{subsection.8.42}{\376\377\000e\000-\000\040\000e\000+\000\040\000"\0007\0000\0001\0006\000e\000\040\000e\000-\000p\000a\000i\000r\000\040\000p\000r\000o\000d\000u\000c\000t\000i\000o\000n\000\040\000v\000i\000a\000\040\000W\000B\000F\000,\000\040\000p\000r\000o\000c\000e\000s\000s\000e\000s\000\040\0002\0002\0006}{section.8}% 64
\BOOKMARK [2][-]{subsection.8.43}{\376\377\000e\000\040\000e\000+\000\040\000\040\000+\000\040\000-\000p\000a\000i\000r\000\040\000p\000r\000o\000d\000u\000c\000t\000i\000o\000n\000\040\000v\000i\000a\000\040\000W\000B\000F\000,\000\040\000p\000r\000o\000c\000e\000s\000s\000e\000s\000\040\0002\0002\0008\000,\0002\0002\0008\0001}{section.8}% 65
\BOOKMARK [2][-]{subsection.8.44}{\376\377\000e\000-\000\040\000"\0007\0000\0001\0006\000e\000\040\000-\000\040\000"\0007\0000\0001\0006\000\040\000-\000p\000a\000i\000r\000\040\000p\000r\000o\000d\000u\000c\000t\000i\000o\000n\000\040\000v\000i\000a\000\040\000W\000B\000F\000,\000\040\000p\000r\000o\000c\000e\000s\000s\000e\000s\000\040\0002\0002\0009\000,\0002\0002\0009\0001}{section.8}% 66
\BOOKMARK [2][-]{subsection.8.45}{\376\377\000t\000-\000c\000h\000a\000n\000n\000e\000l\000\040\000s\000i\000n\000g\000l\000e\000\040\000t\000o\000p\000\040\000w\000i\000t\000h\000\040\000a\000n\000\040\000e\000x\000p\000l\000i\000c\000i\000t\000\040\000b\000-\000q\000u\000a\000r\000k\000,\000\040\000p\000r\000o\000c\000e\000s\000s\000e\000s\000\040\0002\0003\0001\040\023\0002\0004\0000}{section.8}% 67
\BOOKMARK [2][-]{subsection.8.46}{\376\377\000W\000+\000W\000+\000+\000j\000e\000t\000s\000\040\000p\000r\000o\000d\000u\000c\000t\000i\000o\000n\000,\000\040\000p\000r\000o\000c\000e\000s\000s\000e\000s\000\040\0002\0005\0001\000,\0002\0005\0002}{section.8}% 68
\BOOKMARK [2][-]{subsection.8.47}{\376\377\000Z\000+\000Q\000\040\000p\000r\000o\000d\000u\000c\000t\000i\000o\000n\000,\000\040\000p\000r\000o\000c\000e\000s\000s\000e\000s\000\040\0002\0006\0001\040\023\0002\0006\0007}{section.8}% 69
\BOOKMARK [2][-]{subsection.8.48}{\376\377\000H\000\040\000+\000\040\0002\000\040\000j\000e\000t\000\040\000p\000r\000o\000d\000u\000c\000t\000i\000o\000n\000,\000\040\000p\000r\000o\000c\000e\000s\000s\000e\000s\000\040\0002\0007\0000\040\023\0002\0007\0004}{section.8}% 70
\BOOKMARK [2][-]{subsection.8.49}{\376\377\000H\000\040\000+\000\040\0003\000\040\000j\000e\000t\000\040\000p\000r\000o\000d\000u\000c\000t\000i\000o\000n\000,\000\040\000p\000r\000o\000c\000e\000s\000s\000e\000s\000\040\0002\0007\0005\000-\0002\0007\0008}{section.8}% 71
\BOOKMARK [2][-]{subsection.8.50}{\376\377\000D\000i\000r\000e\000c\000t\000\040\000\040\000p\000r\000o\000d\000u\000c\000t\000i\000o\000n\000,\000\040\000p\000r\000o\000c\000e\000s\000s\000e\000s\000\040\0002\0008\0000\040\023\0002\0008\0002}{section.8}% 72
\BOOKMARK [2][-]{subsection.8.51}{\376\377\000D\000i\000r\000e\000c\000t\000\040\000\040\000+\000\040\000h\000e\000a\000v\000y\000\040\000f\000l\000a\000v\000o\000u\000r\000\040\000p\000r\000o\000d\000u\000c\000t\000i\000o\000n\000,\000\040\000p\000r\000o\000c\000e\000s\000s\000e\000s\000\040\0002\0008\0003\040\023\0002\0008\0004}{section.8}% 73
\BOOKMARK [2][-]{subsection.8.52}{\376\377\000\040\000p\000r\000o\000d\000u\000c\000t\000i\000o\000n\000,\000\040\000p\000r\000o\000c\000e\000s\000s\000e\000s\000\040\0002\0008\0005\000-\0002\0008\0006}{section.8}% 74
\BOOKMARK [2][-]{subsection.8.53}{\376\377\000\040\000p\000r\000o\000d\000u\000c\000t\000i\000o\000n\000,\000\040\000p\000r\000o\000c\000e\000s\000s\000\040\0002\0008\0007}{section.8}% 75
\BOOKMARK [2][-]{subsection.8.54}{\376\377\000\040\000p\000r\000o\000d\000u\000c\000t\000i\000o\000n\000,\000\040\000p\000r\000o\000c\000e\000s\000s\000\040\0002\0008\0009}{section.8}% 76
\BOOKMARK [2][-]{subsection.8.55}{\376\377\000W\000\040\000p\000r\000o\000d\000u\000c\000t\000i\000o\000n\000,\000\040\000p\000r\000o\000c\000e\000s\000s\000e\000s\000\040\0002\0009\0000\000-\0002\0009\0007}{section.8}% 77
\BOOKMARK [3][-]{subsubsection.8.55.1}{\376\377\000A\000n\000o\000m\000a\000l\000o\000u\000s\000\040\000W\000W\000\040\000c\000o\000u\000p\000l\000i\000n\000g\000s}{subsection.8.55}% 78
\BOOKMARK [2][-]{subsection.8.56}{\376\377\000Z\000,\000\040\000p\000r\000o\000d\000u\000c\000t\000i\000o\000n\000,\000\040\000p\000r\000o\000c\000e\000s\000s\000e\000s\000\040\0003\0000\0000\000,\000\040\0003\0000\0005}{section.8}% 79
\BOOKMARK [3][-]{subsubsection.8.56.1}{\376\377\000A\000n\000o\000m\000a\000l\000o\000u\000s\000\040\000Z\000Z\000\040\000a\000n\000d\000\040\000Z\000\040\000c\000o\000u\000p\000l\000i\000n\000g\000s}{subsection.8.56}% 80
\BOOKMARK [2][-]{subsection.8.57}{\376\377\000Z\000\040\000p\000r\000o\000d\000u\000c\000t\000i\000o\000n\000\040\000p\000r\000o\000c\000e\000s\000s\000e\000s\000,\000\040\0003\0000\0001\000,\000\040\0003\0000\0006}{section.8}% 81
\BOOKMARK [2][-]{subsection.8.58}{\376\377\000Z\000j\000,\000\040\000p\000r\000o\000d\000u\000c\000t\000i\000o\000n\000,\000\040\000p\000r\000o\000c\000e\000s\000s\000e\000s\000\040\0003\0000\0002\000,\000\040\0003\0000\0007}{section.8}% 82
\BOOKMARK [2][-]{subsection.8.59}{\376\377\000Z\000j\000\040\000a\000n\000d\000\040\000Z\000j\000\040\000j\000\040\000,\000\040\0003\0000\0003\000,\000\040\0003\0000\0004\000,\000\040\0003\0000\0008\000\040\000a\000n\000d\000\040\0003\0000\0009}{section.8}% 83
\BOOKMARK [2][-]{subsection.8.60}{\376\377\000W\000+\000Q\000+\000\040\000j\000e\000t\000\040\000p\000r\000o\000d\000u\000c\000t\000i\000o\000n\000\040\000p\000r\000o\000c\000e\000s\000s\000e\000s\000\040\0003\0001\0001\040\023\0003\0002\0006}{section.8}% 84
\BOOKMARK [2][-]{subsection.8.61}{\376\377\000W\000+\000c\000+\000\040\000j\000e\000t\000\040\000p\000r\000o\000d\000u\000c\000t\000i\000o\000n\000,\000\040\000p\000r\000o\000c\000e\000s\000s\000e\000s\000\040\0003\0003\0001\000,\000\040\0003\0003\0006}{section.8}% 85
\BOOKMARK [2][-]{subsection.8.62}{\376\377\000Z\000+\000Q\000+\000j\000e\000t\000\040\000p\000r\000o\000d\000u\000c\000t\000i\000o\000n\000,\000\040\000p\000r\000o\000c\000e\000s\000s\000e\000s\000\040\0003\0004\0001\040\023\0003\0005\0007}{section.8}% 86
\BOOKMARK [2][-]{subsection.8.63}{\376\377\000c\000\040\000s\000\040\000W\000+\000,\000\040\000p\000r\000o\000c\000e\000s\000s\000e\000s\000\040\0003\0006\0001\040\023\0003\0006\0003}{section.8}% 87
\BOOKMARK [2][-]{subsection.8.64}{\376\377\000W\000\040\000p\000r\000o\000d\000u\000c\000t\000i\000o\000n\000,\000\040\000p\000r\000o\000c\000e\000s\000s\000e\000s\000\040\0003\0007\0000\000-\0003\0007\0001}{section.8}% 88
\BOOKMARK [2][-]{subsection.8.65}{\376\377\000W\000+\000Q\000\040\000p\000r\000o\000d\000u\000c\000t\000i\000o\000n\000\040\000i\000n\000\040\000t\000h\000e\000\040\0004\000F\000N\000S\000,\000\040\000p\000r\000o\000c\000e\000s\000s\000e\000s\000\040\0004\0000\0001\040\023\0004\0000\0008}{section.8}% 89
\BOOKMARK [2][-]{subsection.8.66}{\376\377\000W\000+\000Q\000\040\000p\000r\000o\000d\000u\000c\000t\000i\000o\000n\000\040\000i\000n\000\040\000t\000h\000e\000\040\0005\000F\000N\000S\000,\000\040\000p\000r\000o\000c\000e\000s\000s\000e\000s\000\040\0004\0001\0001\000,\000\040\0004\0001\0006}{section.8}% 90
\BOOKMARK [2][-]{subsection.8.67}{\376\377\000W\000+\000Q\000\040\000p\000r\000o\000d\000u\000c\000t\000i\000o\000n\000\040\000i\000n\000\040\000t\000h\000e\000\040\000c\000o\000m\000b\000i\000n\000e\000d\000\040\0004\000F\000N\000S\000/\0005\000F\000N\000S\000,\000\040\000p\000r\000o\000c\000e\000s\000s\000e\000s\000\040\0004\0002\0001\000,\000\040\0004\0002\0006}{section.8}% 91
\BOOKMARK [2][-]{subsection.8.68}{\376\377\000W\000+\000b\000"\0007\0000\0001\0006\000b\000+\000\040\000j\000e\000t\000\040\000p\000r\000o\000d\000u\000c\000t\000i\000o\000n\000,\000\040\000p\000r\000o\000c\000e\000s\000s\000e\000s\000\040\0004\0003\0001\000,\0004\0003\0006}{section.8}% 92
\BOOKMARK [2][-]{subsection.8.69}{\376\377\000W\000+\000t\000"\0007\0000\0001\0006\000t\000\040\000p\000r\000o\000c\000e\000s\000s\000e\000s\000\040\0005\0000\0000\040\023\0005\0001\0006}{section.8}% 93
\BOOKMARK [2][-]{subsection.8.70}{\376\377\000Z\000t\000"\0007\0000\0001\0006\000t\000\040\000p\000r\000o\000d\000u\000c\000t\000i\000o\000n\000,\000\040\000p\000r\000o\000c\000e\000s\000s\000e\000s\000\040\0005\0002\0009\000-\0005\0003\0003}{section.8}% 94
\BOOKMARK [2][-]{subsection.8.71}{\376\377\000H\000t\000\040\000a\000n\000d\000\040\000H\000"\0007\0000\0001\0006\000t\000\040\000p\000r\000o\000d\000u\000c\000t\000i\000o\000n\000,\000\040\000p\000r\000o\000c\000e\000s\000s\000e\000s\000\040\0005\0004\0000\040\023\0005\0005\0007}{section.8}% 95
\BOOKMARK [2][-]{subsection.8.72}{\376\377\000Z\000t\000\040\000a\000n\000d\000\040\000Z\000"\0007\0000\0001\0006\000t\000\040\000p\000r\000o\000d\000u\000c\000t\000i\000o\000n\000,\000\040\000p\000r\000o\000c\000e\000s\000s\000e\000s\000\040\0005\0006\0000\040\023\0005\0006\0009}{section.8}% 96
\BOOKMARK [2][-]{subsection.8.73}{\376\377\000H\000H\000\040\000p\000r\000o\000d\000u\000c\000t\000i\000o\000n\000,\000\040\000p\000r\000o\000c\000e\000s\000s\000e\000s\000\040\0006\0000\0001\040\023\0006\0000\0002}{section.8}% 97
\BOOKMARK [2][-]{subsection.8.74}{\376\377\000H\000t\000"\0007\0000\0001\0006\000t\000\040\000p\000r\000o\000d\000u\000c\000t\000i\000o\000n\000,\000\040\000p\000r\000o\000c\000e\000s\000s\000e\000s\000\040\0006\0004\0000\040\023\0006\0006\0000}{section.8}% 98
\BOOKMARK [2][-]{subsection.8.75}{\376\377\000D\000a\000r\000k\000\040\000M\000a\000t\000t\000e\000r\000\040\000P\000r\000o\000c\000e\000s\000s\000e\000s\000\040\000M\000o\000n\000o\000-\000j\000e\000t\000\040\000a\000n\000d\000\040\000M\000o\000n\000o\000-\000p\000h\000o\000t\000o\000n\000\040\0008\0000\0000\000-\0008\0004\0008}{section.8}% 99
\BOOKMARK [1][-]{appendix.A}{\376\377\000M\000C\000F\000M\000\040\000r\000e\000f\000e\000r\000e\000n\000c\000e\000s}{}% 100
\BOOKMARK [1][-]{appendix.B}{\376\377\000P\000r\000o\000c\000e\000s\000s\000e\000s\000\040\000i\000n\000c\000l\000u\000d\000e\000d\000\040\000i\000n\000\040\000M\000C\000F\000M}{}% 101
\BOOKMARK [1][-]{appendix.C}{\376\377\000V\000e\000r\000s\000i\000o\000n\000\040\0007\000.\0000\000\040\000c\000h\000a\000n\000g\000e\000l\000o\000g}{}% 102
\BOOKMARK [1][-]{appendix.D}{\376\377\000V\000e\000r\000s\000i\000o\000n\000\040\0006\000.\0007\000\040\000c\000h\000a\000n\000g\000e\000l\000o\000g}{}% 103
\BOOKMARK [1][-]{appendix.E}{\376\377\000V\000e\000r\000s\000i\000o\000n\000s\000\040\0006\000.\0006\000\040\000a\000n\000d\000\040\0006\000.\0005\000\040\000c\000h\000a\000n\000g\000e\000l\000o\000g}{}% 104
\BOOKMARK [1][-]{appendix.F}{\376\377\000V\000e\000r\000s\000i\000o\000n\000\040\0006\000.\0004\000\040\000c\000h\000a\000n\000g\000e\000l\000o\000g}{}% 105
\BOOKMARK [2][-]{subsection.F.1}{\376\377\000C\000o\000d\000e\000\040\000c\000h\000a\000n\000g\000e\000s}{appendix.F}% 106
\BOOKMARK [1][-]{appendix.G}{\376\377\000V\000e\000r\000s\000i\000o\000n\000\040\0006\000.\0003\000\040\000c\000h\000a\000n\000g\000e\000l\000o\000g}{}% 107
\BOOKMARK [2][-]{subsection.G.1}{\376\377\000C\000o\000d\000e\000\040\000c\000h\000a\000n\000g\000e\000s}{appendix.G}% 108
\BOOKMARK [1][-]{appendix.H}{\376\377\000V\000e\000r\000s\000i\000o\000n\000\040\0006\000.\0002\000\040\000c\000h\000a\000n\000g\000e\000l\000o\000g}{}% 109
\BOOKMARK [2][-]{subsection.H.1}{\376\377\000I\000n\000p\000u\000t\000\040\000f\000i\000l\000e\000\040\000c\000h\000a\000n\000g\000e\000s}{appendix.H}% 110
\BOOKMARK [2][-]{subsection.H.2}{\376\377\000C\000o\000d\000e\000\040\000c\000h\000a\000n\000g\000e\000s}{appendix.H}% 111
\BOOKMARK [1][-]{appendix.I}{\376\377\000V\000e\000r\000s\000i\000o\000n\000\040\0006\000.\0001\000\040\000c\000h\000a\000n\000g\000e\000l\000o\000g}{}% 112
\BOOKMARK [2][-]{subsection.I.1}{\376\377\000I\000n\000p\000u\000t\000\040\000f\000i\000l\000e\000\040\000c\000h\000a\000n\000g\000e\000s}{appendix.I}% 113
\BOOKMARK [2][-]{subsection.I.2}{\376\377\000C\000o\000d\000e\000\040\000c\000h\000a\000n\000g\000e\000s}{appendix.I}% 114
